After 0-th step:
R [0] [0] : c
R [0] [1] : a
R [0] [2] : b
R [0] [3] : {}
R [1] [0] : {}
R [1] [1] : eps
R [1] [2] : a
R [1] [3] : b
R [2] [0] : {}
R [2] [1] : {}
R [2] [2] : eps
R [2] [3] : a
R [3] [0] : {}
R [3] [1] : b
R [3] [2] : {}
R [3] [3] : c
After 1-th step:
R [0] [0] : (c|eps)(c|eps)*(c|eps)|(c|eps)
R [0] [1] : (c|eps)(c|eps)*(a)|(a)
R [0] [2] : (c|eps)(c|eps)*(b)|(b)
R [0] [3] : (c|eps)(c|eps)*({})|({})
R [1] [0] : ({})(c|eps)*(c|eps)|({})
R [1] [1] : ({})(c|eps)*(a)|(eps)
R [1] [2] : ({})(c|eps)*(b)|(a)
R [1] [3] : ({})(c|eps)*({})|(b)
R [2] [0] : ({})(c|eps)*(c|eps)|({})
R [2] [1] : ({})(c|eps)*(a)|({})
R [2] [2] : ({})(c|eps)*(b)|(eps)
R [2] [3] : ({})(c|eps)*({})|(a)
R [3] [0] : ({})(c|eps)*(c|eps)|({})
R [3] [1] : ({})(c|eps)*(a)|(b)
R [3] [2] : ({})(c|eps)*(b)|({})
R [3] [3] : ({})(c|eps)*({})|(c|eps)
After 2-th step:
R [0] [0] : ((c|eps)(c|eps)*(a)|(a))(({})(c|eps)*(a)|(eps))*(({})(c|eps)*(c|eps)|({}))|((c|eps)(c|eps)*(c|eps)|(c|eps))
R [0] [1] : ((c|eps)(c|eps)*(a)|(a))(({})(c|eps)*(a)|(eps))*(({})(c|eps)*(a)|(eps))|((c|eps)(c|eps)*(a)|(a))
R [0] [2] : ((c|eps)(c|eps)*(a)|(a))(({})(c|eps)*(a)|(eps))*(({})(c|eps)*(b)|(a))|((c|eps)(c|eps)*(b)|(b))
R [0] [3] : ((c|eps)(c|eps)*(a)|(a))(({})(c|eps)*(a)|(eps))*(({})(c|eps)*({})|(b))|((c|eps)(c|eps)*({})|({}))
R [1] [0] : (({})(c|eps)*(a)|(eps))(({})(c|eps)*(a)|(eps))*(({})(c|eps)*(c|eps)|({}))|(({})(c|eps)*(c|eps)|({}))
R [1] [1] : (({})(c|eps)*(a)|(eps))(({})(c|eps)*(a)|(eps))*(({})(c|eps)*(a)|(eps))|(({})(c|eps)*(a)|(eps))
R [1] [2] : (({})(c|eps)*(a)|(eps))(({})(c|eps)*(a)|(eps))*(({})(c|eps)*(b)|(a))|(({})(c|eps)*(b)|(a))
R [1] [3] : (({})(c|eps)*(a)|(eps))(({})(c|eps)*(a)|(eps))*(({})(c|eps)*({})|(b))|(({})(c|eps)*({})|(b))
R [2] [0] : (({})(c|eps)*(a)|({}))(({})(c|eps)*(a)|(eps))*(({})(c|eps)*(c|eps)|({}))|(({})(c|eps)*(c|eps)|({}))
R [2] [1] : (({})(c|eps)*(a)|({}))(({})(c|eps)*(a)|(eps))*(({})(c|eps)*(a)|(eps))|(({})(c|eps)*(a)|({}))
R [2] [2] : (({})(c|eps)*(a)|({}))(({})(c|eps)*(a)|(eps))*(({})(c|eps)*(b)|(a))|(({})(c|eps)*(b)|(eps))
R [2] [3] : (({})(c|eps)*(a)|({}))(({})(c|eps)*(a)|(eps))*(({})(c|eps)*({})|(b))|(({})(c|eps)*({})|(a))
R [3] [0] : (({})(c|eps)*(a)|(b))(({})(c|eps)*(a)|(eps))*(({})(c|eps)*(c|eps)|({}))|(({})(c|eps)*(c|eps)|({}))
R [3] [1] : (({})(c|eps)*(a)|(b))(({})(c|eps)*(a)|(eps))*(({})(c|eps)*(a)|(eps))|(({})(c|eps)*(a)|(b))
R [3] [2] : (({})(c|eps)*(a)|(b))(({})(c|eps)*(a)|(eps))*(({})(c|eps)*(b)|(a))|(({})(c|eps)*(b)|({}))
R [3] [3] : (({})(c|eps)*(a)|(b))(({})(c|eps)*(a)|(eps))*(({})(c|eps)*({})|(b))|(({})(c|eps)*({})|(c|eps))
After 3-th step:
R [0] [0] : (((c|eps)(c|eps)*(a)|(a))(({})(c|eps)*(a)|(eps))*(({})(c|eps)*(b)|(a))|((c|eps)(c|eps)*(b)|(b)))((({})(c|eps)*(a)|({}))(({})(c|eps)*(a)|(eps))*(({})(c|eps)*(b)|(a))|(({})(c|eps)*(b)|(eps)))*((({})(c|eps)*(a)|({}))(({})(c|eps)*(a)|(eps))*(({})(c|eps)*(c|eps)|({}))|(({})(c|eps)*(c|eps)|({})))|(((c|eps)(c|eps)*(a)|(a))(({})(c|eps)*(a)|(eps))*(({})(c|eps)*(c|eps)|({}))|((c|eps)(c|eps)*(c|eps)|(c|eps)))
R [0] [1] : (((c|eps)(c|eps)*(a)|(a))(({})(c|eps)*(a)|(eps))*(({})(c|eps)*(b)|(a))|((c|eps)(c|eps)*(b)|(b)))((({})(c|eps)*(a)|({}))(({})(c|eps)*(a)|(eps))*(({})(c|eps)*(b)|(a))|(({})(c|eps)*(b)|(eps)))*((({})(c|eps)*(a)|({}))(({})(c|eps)*(a)|(eps))*(({})(c|eps)*(a)|(eps))|(({})(c|eps)*(a)|({})))|(((c|eps)(c|eps)*(a)|(a))(({})(c|eps)*(a)|(eps))*(({})(c|eps)*(a)|(eps))|((c|eps)(c|eps)*(a)|(a)))
R [0] [2] : (((c|eps)(c|eps)*(a)|(a))(({})(c|eps)*(a)|(eps))*(({})(c|eps)*(b)|(a))|((c|eps)(c|eps)*(b)|(b)))((({})(c|eps)*(a)|({}))(({})(c|eps)*(a)|(eps))*(({})(c|eps)*(b)|(a))|(({})(c|eps)*(b)|(eps)))*((({})(c|eps)*(a)|({}))(({})(c|eps)*(a)|(eps))*(({})(c|eps)*(b)|(a))|(({})(c|eps)*(b)|(eps)))|(((c|eps)(c|eps)*(a)|(a))(({})(c|eps)*(a)|(eps))*(({})(c|eps)*(b)|(a))|((c|eps)(c|eps)*(b)|(b)))
R [0] [3] : (((c|eps)(c|eps)*(a)|(a))(({})(c|eps)*(a)|(eps))*(({})(c|eps)*(b)|(a))|((c|eps)(c|eps)*(b)|(b)))((({})(c|eps)*(a)|({}))(({})(c|eps)*(a)|(eps))*(({})(c|eps)*(b)|(a))|(({})(c|eps)*(b)|(eps)))*((({})(c|eps)*(a)|({}))(({})(c|eps)*(a)|(eps))*(({})(c|eps)*({})|(b))|(({})(c|eps)*({})|(a)))|(((c|eps)(c|eps)*(a)|(a))(({})(c|eps)*(a)|(eps))*(({})(c|eps)*({})|(b))|((c|eps)(c|eps)*({})|({})))
R [1] [0] : ((({})(c|eps)*(a)|(eps))(({})(c|eps)*(a)|(eps))*(({})(c|eps)*(b)|(a))|(({})(c|eps)*(b)|(a)))((({})(c|eps)*(a)|({}))(({})(c|eps)*(a)|(eps))*(({})(c|eps)*(b)|(a))|(({})(c|eps)*(b)|(eps)))*((({})(c|eps)*(a)|({}))(({})(c|eps)*(a)|(eps))*(({})(c|eps)*(c|eps)|({}))|(({})(c|eps)*(c|eps)|({})))|((({})(c|eps)*(a)|(eps))(({})(c|eps)*(a)|(eps))*(({})(c|eps)*(c|eps)|({}))|(({})(c|eps)*(c|eps)|({})))
R [1] [1] : ((({})(c|eps)*(a)|(eps))(({})(c|eps)*(a)|(eps))*(({})(c|eps)*(b)|(a))|(({})(c|eps)*(b)|(a)))((({})(c|eps)*(a)|({}))(({})(c|eps)*(a)|(eps))*(({})(c|eps)*(b)|(a))|(({})(c|eps)*(b)|(eps)))*((({})(c|eps)*(a)|({}))(({})(c|eps)*(a)|(eps))*(({})(c|eps)*(a)|(eps))|(({})(c|eps)*(a)|({})))|((({})(c|eps)*(a)|(eps))(({})(c|eps)*(a)|(eps))*(({})(c|eps)*(a)|(eps))|(({})(c|eps)*(a)|(eps)))
R [1] [2] : ((({})(c|eps)*(a)|(eps))(({})(c|eps)*(a)|(eps))*(({})(c|eps)*(b)|(a))|(({})(c|eps)*(b)|(a)))((({})(c|eps)*(a)|({}))(({})(c|eps)*(a)|(eps))*(({})(c|eps)*(b)|(a))|(({})(c|eps)*(b)|(eps)))*((({})(c|eps)*(a)|({}))(({})(c|eps)*(a)|(eps))*(({})(c|eps)*(b)|(a))|(({})(c|eps)*(b)|(eps)))|((({})(c|eps)*(a)|(eps))(({})(c|eps)*(a)|(eps))*(({})(c|eps)*(b)|(a))|(({})(c|eps)*(b)|(a)))
R [1] [3] : ((({})(c|eps)*(a)|(eps))(({})(c|eps)*(a)|(eps))*(({})(c|eps)*(b)|(a))|(({})(c|eps)*(b)|(a)))((({})(c|eps)*(a)|({}))(({})(c|eps)*(a)|(eps))*(({})(c|eps)*(b)|(a))|(({})(c|eps)*(b)|(eps)))*((({})(c|eps)*(a)|({}))(({})(c|eps)*(a)|(eps))*(({})(c|eps)*({})|(b))|(({})(c|eps)*({})|(a)))|((({})(c|eps)*(a)|(eps))(({})(c|eps)*(a)|(eps))*(({})(c|eps)*({})|(b))|(({})(c|eps)*({})|(b)))
R [2] [0] : ((({})(c|eps)*(a)|({}))(({})(c|eps)*(a)|(eps))*(({})(c|eps)*(b)|(a))|(({})(c|eps)*(b)|(eps)))((({})(c|eps)*(a)|({}))(({})(c|eps)*(a)|(eps))*(({})(c|eps)*(b)|(a))|(({})(c|eps)*(b)|(eps)))*((({})(c|eps)*(a)|({}))(({})(c|eps)*(a)|(eps))*(({})(c|eps)*(c|eps)|({}))|(({})(c|eps)*(c|eps)|({})))|((({})(c|eps)*(a)|({}))(({})(c|eps)*(a)|(eps))*(({})(c|eps)*(c|eps)|({}))|(({})(c|eps)*(c|eps)|({})))
R [2] [1] : ((({})(c|eps)*(a)|({}))(({})(c|eps)*(a)|(eps))*(({})(c|eps)*(b)|(a))|(({})(c|eps)*(b)|(eps)))((({})(c|eps)*(a)|({}))(({})(c|eps)*(a)|(eps))*(({})(c|eps)*(b)|(a))|(({})(c|eps)*(b)|(eps)))*((({})(c|eps)*(a)|({}))(({})(c|eps)*(a)|(eps))*(({})(c|eps)*(a)|(eps))|(({})(c|eps)*(a)|({})))|((({})(c|eps)*(a)|({}))(({})(c|eps)*(a)|(eps))*(({})(c|eps)*(a)|(eps))|(({})(c|eps)*(a)|({})))
R [2] [2] : ((({})(c|eps)*(a)|({}))(({})(c|eps)*(a)|(eps))*(({})(c|eps)*(b)|(a))|(({})(c|eps)*(b)|(eps)))((({})(c|eps)*(a)|({}))(({})(c|eps)*(a)|(eps))*(({})(c|eps)*(b)|(a))|(({})(c|eps)*(b)|(eps)))*((({})(c|eps)*(a)|({}))(({})(c|eps)*(a)|(eps))*(({})(c|eps)*(b)|(a))|(({})(c|eps)*(b)|(eps)))|((({})(c|eps)*(a)|({}))(({})(c|eps)*(a)|(eps))*(({})(c|eps)*(b)|(a))|(({})(c|eps)*(b)|(eps)))
R [2] [3] : ((({})(c|eps)*(a)|({}))(({})(c|eps)*(a)|(eps))*(({})(c|eps)*(b)|(a))|(({})(c|eps)*(b)|(eps)))((({})(c|eps)*(a)|({}))(({})(c|eps)*(a)|(eps))*(({})(c|eps)*(b)|(a))|(({})(c|eps)*(b)|(eps)))*((({})(c|eps)*(a)|({}))(({})(c|eps)*(a)|(eps))*(({})(c|eps)*({})|(b))|(({})(c|eps)*({})|(a)))|((({})(c|eps)*(a)|({}))(({})(c|eps)*(a)|(eps))*(({})(c|eps)*({})|(b))|(({})(c|eps)*({})|(a)))
R [3] [0] : ((({})(c|eps)*(a)|(b))(({})(c|eps)*(a)|(eps))*(({})(c|eps)*(b)|(a))|(({})(c|eps)*(b)|({})))((({})(c|eps)*(a)|({}))(({})(c|eps)*(a)|(eps))*(({})(c|eps)*(b)|(a))|(({})(c|eps)*(b)|(eps)))*((({})(c|eps)*(a)|({}))(({})(c|eps)*(a)|(eps))*(({})(c|eps)*(c|eps)|({}))|(({})(c|eps)*(c|eps)|({})))|((({})(c|eps)*(a)|(b))(({})(c|eps)*(a)|(eps))*(({})(c|eps)*(c|eps)|({}))|(({})(c|eps)*(c|eps)|({})))
R [3] [1] : ((({})(c|eps)*(a)|(b))(({})(c|eps)*(a)|(eps))*(({})(c|eps)*(b)|(a))|(({})(c|eps)*(b)|({})))((({})(c|eps)*(a)|({}))(({})(c|eps)*(a)|(eps))*(({})(c|eps)*(b)|(a))|(({})(c|eps)*(b)|(eps)))*((({})(c|eps)*(a)|({}))(({})(c|eps)*(a)|(eps))*(({})(c|eps)*(a)|(eps))|(({})(c|eps)*(a)|({})))|((({})(c|eps)*(a)|(b))(({})(c|eps)*(a)|(eps))*(({})(c|eps)*(a)|(eps))|(({})(c|eps)*(a)|(b)))
R [3] [2] : ((({})(c|eps)*(a)|(b))(({})(c|eps)*(a)|(eps))*(({})(c|eps)*(b)|(a))|(({})(c|eps)*(b)|({})))((({})(c|eps)*(a)|({}))(({})(c|eps)*(a)|(eps))*(({})(c|eps)*(b)|(a))|(({})(c|eps)*(b)|(eps)))*((({})(c|eps)*(a)|({}))(({})(c|eps)*(a)|(eps))*(({})(c|eps)*(b)|(a))|(({})(c|eps)*(b)|(eps)))|((({})(c|eps)*(a)|(b))(({})(c|eps)*(a)|(eps))*(({})(c|eps)*(b)|(a))|(({})(c|eps)*(b)|({})))
R [3] [3] : ((({})(c|eps)*(a)|(b))(({})(c|eps)*(a)|(eps))*(({})(c|eps)*(b)|(a))|(({})(c|eps)*(b)|({})))((({})(c|eps)*(a)|({}))(({})(c|eps)*(a)|(eps))*(({})(c|eps)*(b)|(a))|(({})(c|eps)*(b)|(eps)))*((({})(c|eps)*(a)|({}))(({})(c|eps)*(a)|(eps))*(({})(c|eps)*({})|(b))|(({})(c|eps)*({})|(a)))|((({})(c|eps)*(a)|(b))(({})(c|eps)*(a)|(eps))*(({})(c|eps)*({})|(b))|(({})(c|eps)*({})|(c|eps)))
After 4-th step:
R [0] [0] : ((((c|eps)(c|eps)*(a)|(a))(({})(c|eps)*(a)|(eps))*(({})(c|eps)*(b)|(a))|((c|eps)(c|eps)*(b)|(b)))((({})(c|eps)*(a)|({}))(({})(c|eps)*(a)|(eps))*(({})(c|eps)*(b)|(a))|(({})(c|eps)*(b)|(eps)))*((({})(c|eps)*(a)|({}))(({})(c|eps)*(a)|(eps))*(({})(c|eps)*({})|(b))|(({})(c|eps)*({})|(a)))|(((c|eps)(c|eps)*(a)|(a))(({})(c|eps)*(a)|(eps))*(({})(c|eps)*({})|(b))|((c|eps)(c|eps)*({})|({}))))(((({})(c|eps)*(a)|(b))(({})(c|eps)*(a)|(eps))*(({})(c|eps)*(b)|(a))|(({})(c|eps)*(b)|({})))((({})(c|eps)*(a)|({}))(({})(c|eps)*(a)|(eps))*(({})(c|eps)*(b)|(a))|(({})(c|eps)*(b)|(eps)))*((({})(c|eps)*(a)|({}))(({})(c|eps)*(a)|(eps))*(({})(c|eps)*({})|(b))|(({})(c|eps)*({})|(a)))|((({})(c|eps)*(a)|(b))(({})(c|eps)*(a)|(eps))*(({})(c|eps)*({})|(b))|(({})(c|eps)*({})|(c|eps))))*(((({})(c|eps)*(a)|(b))(({})(c|eps)*(a)|(eps))*(({})(c|eps)*(b)|(a))|(({})(c|eps)*(b)|({})))((({})(c|eps)*(a)|({}))(({})(c|eps)*(a)|(eps))*(({})(c|eps)*(b)|(a))|(({})(c|eps)*(b)|(eps)))*((({})(c|eps)*(a)|({}))(({})(c|eps)*(a)|(eps))*(({})(c|eps)*(c|eps)|({}))|(({})(c|eps)*(c|eps)|({})))|((({})(c|eps)*(a)|(b))(({})(c|eps)*(a)|(eps))*(({})(c|eps)*(c|eps)|({}))|(({})(c|eps)*(c|eps)|({}))))|((((c|eps)(c|eps)*(a)|(a))(({})(c|eps)*(a)|(eps))*(({})(c|eps)*(b)|(a))|((c|eps)(c|eps)*(b)|(b)))((({})(c|eps)*(a)|({}))(({})(c|eps)*(a)|(eps))*(({})(c|eps)*(b)|(a))|(({})(c|eps)*(b)|(eps)))*((({})(c|eps)*(a)|({}))(({})(c|eps)*(a)|(eps))*(({})(c|eps)*(c|eps)|({}))|(({})(c|eps)*(c|eps)|({})))|(((c|eps)(c|eps)*(a)|(a))(({})(c|eps)*(a)|(eps))*(({})(c|eps)*(c|eps)|({}))|((c|eps)(c|eps)*(c|eps)|(c|eps))))
R [0] [1] : ((((c|eps)(c|eps)*(a)|(a))(({})(c|eps)*(a)|(eps))*(({})(c|eps)*(b)|(a))|((c|eps)(c|eps)*(b)|(b)))((({})(c|eps)*(a)|({}))(({})(c|eps)*(a)|(eps))*(({})(c|eps)*(b)|(a))|(({})(c|eps)*(b)|(eps)))*((({})(c|eps)*(a)|({}))(({})(c|eps)*(a)|(eps))*(({})(c|eps)*({})|(b))|(({})(c|eps)*({})|(a)))|(((c|eps)(c|eps)*(a)|(a))(({})(c|eps)*(a)|(eps))*(({})(c|eps)*({})|(b))|((c|eps)(c|eps)*({})|({}))))(((({})(c|eps)*(a)|(b))(({})(c|eps)*(a)|(eps))*(({})(c|eps)*(b)|(a))|(({})(c|eps)*(b)|({})))((({})(c|eps)*(a)|({}))(({})(c|eps)*(a)|(eps))*(({})(c|eps)*(b)|(a))|(({})(c|eps)*(b)|(eps)))*((({})(c|eps)*(a)|({}))(({})(c|eps)*(a)|(eps))*(({})(c|eps)*({})|(b))|(({})(c|eps)*({})|(a)))|((({})(c|eps)*(a)|(b))(({})(c|eps)*(a)|(eps))*(({})(c|eps)*({})|(b))|(({})(c|eps)*({})|(c|eps))))*(((({})(c|eps)*(a)|(b))(({})(c|eps)*(a)|(eps))*(({})(c|eps)*(b)|(a))|(({})(c|eps)*(b)|({})))((({})(c|eps)*(a)|({}))(({})(c|eps)*(a)|(eps))*(({})(c|eps)*(b)|(a))|(({})(c|eps)*(b)|(eps)))*((({})(c|eps)*(a)|({}))(({})(c|eps)*(a)|(eps))*(({})(c|eps)*(a)|(eps))|(({})(c|eps)*(a)|({})))|((({})(c|eps)*(a)|(b))(({})(c|eps)*(a)|(eps))*(({})(c|eps)*(a)|(eps))|(({})(c|eps)*(a)|(b))))|((((c|eps)(c|eps)*(a)|(a))(({})(c|eps)*(a)|(eps))*(({})(c|eps)*(b)|(a))|((c|eps)(c|eps)*(b)|(b)))((({})(c|eps)*(a)|({}))(({})(c|eps)*(a)|(eps))*(({})(c|eps)*(b)|(a))|(({})(c|eps)*(b)|(eps)))*((({})(c|eps)*(a)|({}))(({})(c|eps)*(a)|(eps))*(({})(c|eps)*(a)|(eps))|(({})(c|eps)*(a)|({})))|(((c|eps)(c|eps)*(a)|(a))(({})(c|eps)*(a)|(eps))*(({})(c|eps)*(a)|(eps))|((c|eps)(c|eps)*(a)|(a))))
R [0] [2] : ((((c|eps)(c|eps)*(a)|(a))(({})(c|eps)*(a)|(eps))*(({})(c|eps)*(b)|(a))|((c|eps)(c|eps)*(b)|(b)))((({})(c|eps)*(a)|({}))(({})(c|eps)*(a)|(eps))*(({})(c|eps)*(b)|(a))|(({})(c|eps)*(b)|(eps)))*((({})(c|eps)*(a)|({}))(({})(c|eps)*(a)|(eps))*(({})(c|eps)*({})|(b))|(({})(c|eps)*({})|(a)))|(((c|eps)(c|eps)*(a)|(a))(({})(c|eps)*(a)|(eps))*(({})(c|eps)*({})|(b))|((c|eps)(c|eps)*({})|({}))))(((({})(c|eps)*(a)|(b))(({})(c|eps)*(a)|(eps))*(({})(c|eps)*(b)|(a))|(({})(c|eps)*(b)|({})))((({})(c|eps)*(a)|({}))(({})(c|eps)*(a)|(eps))*(({})(c|eps)*(b)|(a))|(({})(c|eps)*(b)|(eps)))*((({})(c|eps)*(a)|({}))(({})(c|eps)*(a)|(eps))*(({})(c|eps)*({})|(b))|(({})(c|eps)*({})|(a)))|((({})(c|eps)*(a)|(b))(({})(c|eps)*(a)|(eps))*(({})(c|eps)*({})|(b))|(({})(c|eps)*({})|(c|eps))))*(((({})(c|eps)*(a)|(b))(({})(c|eps)*(a)|(eps))*(({})(c|eps)*(b)|(a))|(({})(c|eps)*(b)|({})))((({})(c|eps)*(a)|({}))(({})(c|eps)*(a)|(eps))*(({})(c|eps)*(b)|(a))|(({})(c|eps)*(b)|(eps)))*((({})(c|eps)*(a)|({}))(({})(c|eps)*(a)|(eps))*(({})(c|eps)*(b)|(a))|(({})(c|eps)*(b)|(eps)))|((({})(c|eps)*(a)|(b))(({})(c|eps)*(a)|(eps))*(({})(c|eps)*(b)|(a))|(({})(c|eps)*(b)|({}))))|((((c|eps)(c|eps)*(a)|(a))(({})(c|eps)*(a)|(eps))*(({})(c|eps)*(b)|(a))|((c|eps)(c|eps)*(b)|(b)))((({})(c|eps)*(a)|({}))(({})(c|eps)*(a)|(eps))*(({})(c|eps)*(b)|(a))|(({})(c|eps)*(b)|(eps)))*((({})(c|eps)*(a)|({}))(({})(c|eps)*(a)|(eps))*(({})(c|eps)*(b)|(a))|(({})(c|eps)*(b)|(eps)))|(((c|eps)(c|eps)*(a)|(a))(({})(c|eps)*(a)|(eps))*(({})(c|eps)*(b)|(a))|((c|eps)(c|eps)*(b)|(b))))
R [0] [3] : ((((c|eps)(c|eps)*(a)|(a))(({})(c|eps)*(a)|(eps))*(({})(c|eps)*(b)|(a))|((c|eps)(c|eps)*(b)|(b)))((({})(c|eps)*(a)|({}))(({})(c|eps)*(a)|(eps))*(({})(c|eps)*(b)|(a))|(({})(c|eps)*(b)|(eps)))*((({})(c|eps)*(a)|({}))(({})(c|eps)*(a)|(eps))*(({})(c|eps)*({})|(b))|(({})(c|eps)*({})|(a)))|(((c|eps)(c|eps)*(a)|(a))(({})(c|eps)*(a)|(eps))*(({})(c|eps)*({})|(b))|((c|eps)(c|eps)*({})|({}))))(((({})(c|eps)*(a)|(b))(({})(c|eps)*(a)|(eps))*(({})(c|eps)*(b)|(a))|(({})(c|eps)*(b)|({})))((({})(c|eps)*(a)|({}))(({})(c|eps)*(a)|(eps))*(({})(c|eps)*(b)|(a))|(({})(c|eps)*(b)|(eps)))*((({})(c|eps)*(a)|({}))(({})(c|eps)*(a)|(eps))*(({})(c|eps)*({})|(b))|(({})(c|eps)*({})|(a)))|((({})(c|eps)*(a)|(b))(({})(c|eps)*(a)|(eps))*(({})(c|eps)*({})|(b))|(({})(c|eps)*({})|(c|eps))))*(((({})(c|eps)*(a)|(b))(({})(c|eps)*(a)|(eps))*(({})(c|eps)*(b)|(a))|(({})(c|eps)*(b)|({})))((({})(c|eps)*(a)|({}))(({})(c|eps)*(a)|(eps))*(({})(c|eps)*(b)|(a))|(({})(c|eps)*(b)|(eps)))*((({})(c|eps)*(a)|({}))(({})(c|eps)*(a)|(eps))*(({})(c|eps)*({})|(b))|(({})(c|eps)*({})|(a)))|((({})(c|eps)*(a)|(b))(({})(c|eps)*(a)|(eps))*(({})(c|eps)*({})|(b))|(({})(c|eps)*({})|(c|eps))))|((((c|eps)(c|eps)*(a)|(a))(({})(c|eps)*(a)|(eps))*(({})(c|eps)*(b)|(a))|((c|eps)(c|eps)*(b)|(b)))((({})(c|eps)*(a)|({}))(({})(c|eps)*(a)|(eps))*(({})(c|eps)*(b)|(a))|(({})(c|eps)*(b)|(eps)))*((({})(c|eps)*(a)|({}))(({})(c|eps)*(a)|(eps))*(({})(c|eps)*({})|(b))|(({})(c|eps)*({})|(a)))|(((c|eps)(c|eps)*(a)|(a))(({})(c|eps)*(a)|(eps))*(({})(c|eps)*({})|(b))|((c|eps)(c|eps)*({})|({}))))
R [1] [0] : (((({})(c|eps)*(a)|(eps))(({})(c|eps)*(a)|(eps))*(({})(c|eps)*(b)|(a))|(({})(c|eps)*(b)|(a)))((({})(c|eps)*(a)|({}))(({})(c|eps)*(a)|(eps))*(({})(c|eps)*(b)|(a))|(({})(c|eps)*(b)|(eps)))*((({})(c|eps)*(a)|({}))(({})(c|eps)*(a)|(eps))*(({})(c|eps)*({})|(b))|(({})(c|eps)*({})|(a)))|((({})(c|eps)*(a)|(eps))(({})(c|eps)*(a)|(eps))*(({})(c|eps)*({})|(b))|(({})(c|eps)*({})|(b))))(((({})(c|eps)*(a)|(b))(({})(c|eps)*(a)|(eps))*(({})(c|eps)*(b)|(a))|(({})(c|eps)*(b)|({})))((({})(c|eps)*(a)|({}))(({})(c|eps)*(a)|(eps))*(({})(c|eps)*(b)|(a))|(({})(c|eps)*(b)|(eps)))*((({})(c|eps)*(a)|({}))(({})(c|eps)*(a)|(eps))*(({})(c|eps)*({})|(b))|(({})(c|eps)*({})|(a)))|((({})(c|eps)*(a)|(b))(({})(c|eps)*(a)|(eps))*(({})(c|eps)*({})|(b))|(({})(c|eps)*({})|(c|eps))))*(((({})(c|eps)*(a)|(b))(({})(c|eps)*(a)|(eps))*(({})(c|eps)*(b)|(a))|(({})(c|eps)*(b)|({})))((({})(c|eps)*(a)|({}))(({})(c|eps)*(a)|(eps))*(({})(c|eps)*(b)|(a))|(({})(c|eps)*(b)|(eps)))*((({})(c|eps)*(a)|({}))(({})(c|eps)*(a)|(eps))*(({})(c|eps)*(c|eps)|({}))|(({})(c|eps)*(c|eps)|({})))|((({})(c|eps)*(a)|(b))(({})(c|eps)*(a)|(eps))*(({})(c|eps)*(c|eps)|({}))|(({})(c|eps)*(c|eps)|({}))))|(((({})(c|eps)*(a)|(eps))(({})(c|eps)*(a)|(eps))*(({})(c|eps)*(b)|(a))|(({})(c|eps)*(b)|(a)))((({})(c|eps)*(a)|({}))(({})(c|eps)*(a)|(eps))*(({})(c|eps)*(b)|(a))|(({})(c|eps)*(b)|(eps)))*((({})(c|eps)*(a)|({}))(({})(c|eps)*(a)|(eps))*(({})(c|eps)*(c|eps)|({}))|(({})(c|eps)*(c|eps)|({})))|((({})(c|eps)*(a)|(eps))(({})(c|eps)*(a)|(eps))*(({})(c|eps)*(c|eps)|({}))|(({})(c|eps)*(c|eps)|({}))))
R [1] [1] : (((({})(c|eps)*(a)|(eps))(({})(c|eps)*(a)|(eps))*(({})(c|eps)*(b)|(a))|(({})(c|eps)*(b)|(a)))((({})(c|eps)*(a)|({}))(({})(c|eps)*(a)|(eps))*(({})(c|eps)*(b)|(a))|(({})(c|eps)*(b)|(eps)))*((({})(c|eps)*(a)|({}))(({})(c|eps)*(a)|(eps))*(({})(c|eps)*({})|(b))|(({})(c|eps)*({})|(a)))|((({})(c|eps)*(a)|(eps))(({})(c|eps)*(a)|(eps))*(({})(c|eps)*({})|(b))|(({})(c|eps)*({})|(b))))(((({})(c|eps)*(a)|(b))(({})(c|eps)*(a)|(eps))*(({})(c|eps)*(b)|(a))|(({})(c|eps)*(b)|({})))((({})(c|eps)*(a)|({}))(({})(c|eps)*(a)|(eps))*(({})(c|eps)*(b)|(a))|(({})(c|eps)*(b)|(eps)))*((({})(c|eps)*(a)|({}))(({})(c|eps)*(a)|(eps))*(({})(c|eps)*({})|(b))|(({})(c|eps)*({})|(a)))|((({})(c|eps)*(a)|(b))(({})(c|eps)*(a)|(eps))*(({})(c|eps)*({})|(b))|(({})(c|eps)*({})|(c|eps))))*(((({})(c|eps)*(a)|(b))(({})(c|eps)*(a)|(eps))*(({})(c|eps)*(b)|(a))|(({})(c|eps)*(b)|({})))((({})(c|eps)*(a)|({}))(({})(c|eps)*(a)|(eps))*(({})(c|eps)*(b)|(a))|(({})(c|eps)*(b)|(eps)))*((({})(c|eps)*(a)|({}))(({})(c|eps)*(a)|(eps))*(({})(c|eps)*(a)|(eps))|(({})(c|eps)*(a)|({})))|((({})(c|eps)*(a)|(b))(({})(c|eps)*(a)|(eps))*(({})(c|eps)*(a)|(eps))|(({})(c|eps)*(a)|(b))))|(((({})(c|eps)*(a)|(eps))(({})(c|eps)*(a)|(eps))*(({})(c|eps)*(b)|(a))|(({})(c|eps)*(b)|(a)))((({})(c|eps)*(a)|({}))(({})(c|eps)*(a)|(eps))*(({})(c|eps)*(b)|(a))|(({})(c|eps)*(b)|(eps)))*((({})(c|eps)*(a)|({}))(({})(c|eps)*(a)|(eps))*(({})(c|eps)*(a)|(eps))|(({})(c|eps)*(a)|({})))|((({})(c|eps)*(a)|(eps))(({})(c|eps)*(a)|(eps))*(({})(c|eps)*(a)|(eps))|(({})(c|eps)*(a)|(eps))))
R [1] [2] : (((({})(c|eps)*(a)|(eps))(({})(c|eps)*(a)|(eps))*(({})(c|eps)*(b)|(a))|(({})(c|eps)*(b)|(a)))((({})(c|eps)*(a)|({}))(({})(c|eps)*(a)|(eps))*(({})(c|eps)*(b)|(a))|(({})(c|eps)*(b)|(eps)))*((({})(c|eps)*(a)|({}))(({})(c|eps)*(a)|(eps))*(({})(c|eps)*({})|(b))|(({})(c|eps)*({})|(a)))|((({})(c|eps)*(a)|(eps))(({})(c|eps)*(a)|(eps))*(({})(c|eps)*({})|(b))|(({})(c|eps)*({})|(b))))(((({})(c|eps)*(a)|(b))(({})(c|eps)*(a)|(eps))*(({})(c|eps)*(b)|(a))|(({})(c|eps)*(b)|({})))((({})(c|eps)*(a)|({}))(({})(c|eps)*(a)|(eps))*(({})(c|eps)*(b)|(a))|(({})(c|eps)*(b)|(eps)))*((({})(c|eps)*(a)|({}))(({})(c|eps)*(a)|(eps))*(({})(c|eps)*({})|(b))|(({})(c|eps)*({})|(a)))|((({})(c|eps)*(a)|(b))(({})(c|eps)*(a)|(eps))*(({})(c|eps)*({})|(b))|(({})(c|eps)*({})|(c|eps))))*(((({})(c|eps)*(a)|(b))(({})(c|eps)*(a)|(eps))*(({})(c|eps)*(b)|(a))|(({})(c|eps)*(b)|({})))((({})(c|eps)*(a)|({}))(({})(c|eps)*(a)|(eps))*(({})(c|eps)*(b)|(a))|(({})(c|eps)*(b)|(eps)))*((({})(c|eps)*(a)|({}))(({})(c|eps)*(a)|(eps))*(({})(c|eps)*(b)|(a))|(({})(c|eps)*(b)|(eps)))|((({})(c|eps)*(a)|(b))(({})(c|eps)*(a)|(eps))*(({})(c|eps)*(b)|(a))|(({})(c|eps)*(b)|({}))))|(((({})(c|eps)*(a)|(eps))(({})(c|eps)*(a)|(eps))*(({})(c|eps)*(b)|(a))|(({})(c|eps)*(b)|(a)))((({})(c|eps)*(a)|({}))(({})(c|eps)*(a)|(eps))*(({})(c|eps)*(b)|(a))|(({})(c|eps)*(b)|(eps)))*((({})(c|eps)*(a)|({}))(({})(c|eps)*(a)|(eps))*(({})(c|eps)*(b)|(a))|(({})(c|eps)*(b)|(eps)))|((({})(c|eps)*(a)|(eps))(({})(c|eps)*(a)|(eps))*(({})(c|eps)*(b)|(a))|(({})(c|eps)*(b)|(a))))
R [1] [3] : (((({})(c|eps)*(a)|(eps))(({})(c|eps)*(a)|(eps))*(({})(c|eps)*(b)|(a))|(({})(c|eps)*(b)|(a)))((({})(c|eps)*(a)|({}))(({})(c|eps)*(a)|(eps))*(({})(c|eps)*(b)|(a))|(({})(c|eps)*(b)|(eps)))*((({})(c|eps)*(a)|({}))(({})(c|eps)*(a)|(eps))*(({})(c|eps)*({})|(b))|(({})(c|eps)*({})|(a)))|((({})(c|eps)*(a)|(eps))(({})(c|eps)*(a)|(eps))*(({})(c|eps)*({})|(b))|(({})(c|eps)*({})|(b))))(((({})(c|eps)*(a)|(b))(({})(c|eps)*(a)|(eps))*(({})(c|eps)*(b)|(a))|(({})(c|eps)*(b)|({})))((({})(c|eps)*(a)|({}))(({})(c|eps)*(a)|(eps))*(({})(c|eps)*(b)|(a))|(({})(c|eps)*(b)|(eps)))*((({})(c|eps)*(a)|({}))(({})(c|eps)*(a)|(eps))*(({})(c|eps)*({})|(b))|(({})(c|eps)*({})|(a)))|((({})(c|eps)*(a)|(b))(({})(c|eps)*(a)|(eps))*(({})(c|eps)*({})|(b))|(({})(c|eps)*({})|(c|eps))))*(((({})(c|eps)*(a)|(b))(({})(c|eps)*(a)|(eps))*(({})(c|eps)*(b)|(a))|(({})(c|eps)*(b)|({})))((({})(c|eps)*(a)|({}))(({})(c|eps)*(a)|(eps))*(({})(c|eps)*(b)|(a))|(({})(c|eps)*(b)|(eps)))*((({})(c|eps)*(a)|({}))(({})(c|eps)*(a)|(eps))*(({})(c|eps)*({})|(b))|(({})(c|eps)*({})|(a)))|((({})(c|eps)*(a)|(b))(({})(c|eps)*(a)|(eps))*(({})(c|eps)*({})|(b))|(({})(c|eps)*({})|(c|eps))))|(((({})(c|eps)*(a)|(eps))(({})(c|eps)*(a)|(eps))*(({})(c|eps)*(b)|(a))|(({})(c|eps)*(b)|(a)))((({})(c|eps)*(a)|({}))(({})(c|eps)*(a)|(eps))*(({})(c|eps)*(b)|(a))|(({})(c|eps)*(b)|(eps)))*((({})(c|eps)*(a)|({}))(({})(c|eps)*(a)|(eps))*(({})(c|eps)*({})|(b))|(({})(c|eps)*({})|(a)))|((({})(c|eps)*(a)|(eps))(({})(c|eps)*(a)|(eps))*(({})(c|eps)*({})|(b))|(({})(c|eps)*({})|(b))))
R [2] [0] : (((({})(c|eps)*(a)|({}))(({})(c|eps)*(a)|(eps))*(({})(c|eps)*(b)|(a))|(({})(c|eps)*(b)|(eps)))((({})(c|eps)*(a)|({}))(({})(c|eps)*(a)|(eps))*(({})(c|eps)*(b)|(a))|(({})(c|eps)*(b)|(eps)))*((({})(c|eps)*(a)|({}))(({})(c|eps)*(a)|(eps))*(({})(c|eps)*({})|(b))|(({})(c|eps)*({})|(a)))|((({})(c|eps)*(a)|({}))(({})(c|eps)*(a)|(eps))*(({})(c|eps)*({})|(b))|(({})(c|eps)*({})|(a))))(((({})(c|eps)*(a)|(b))(({})(c|eps)*(a)|(eps))*(({})(c|eps)*(b)|(a))|(({})(c|eps)*(b)|({})))((({})(c|eps)*(a)|({}))(({})(c|eps)*(a)|(eps))*(({})(c|eps)*(b)|(a))|(({})(c|eps)*(b)|(eps)))*((({})(c|eps)*(a)|({}))(({})(c|eps)*(a)|(eps))*(({})(c|eps)*({})|(b))|(({})(c|eps)*({})|(a)))|((({})(c|eps)*(a)|(b))(({})(c|eps)*(a)|(eps))*(({})(c|eps)*({})|(b))|(({})(c|eps)*({})|(c|eps))))*(((({})(c|eps)*(a)|(b))(({})(c|eps)*(a)|(eps))*(({})(c|eps)*(b)|(a))|(({})(c|eps)*(b)|({})))((({})(c|eps)*(a)|({}))(({})(c|eps)*(a)|(eps))*(({})(c|eps)*(b)|(a))|(({})(c|eps)*(b)|(eps)))*((({})(c|eps)*(a)|({}))(({})(c|eps)*(a)|(eps))*(({})(c|eps)*(c|eps)|({}))|(({})(c|eps)*(c|eps)|({})))|((({})(c|eps)*(a)|(b))(({})(c|eps)*(a)|(eps))*(({})(c|eps)*(c|eps)|({}))|(({})(c|eps)*(c|eps)|({}))))|(((({})(c|eps)*(a)|({}))(({})(c|eps)*(a)|(eps))*(({})(c|eps)*(b)|(a))|(({})(c|eps)*(b)|(eps)))((({})(c|eps)*(a)|({}))(({})(c|eps)*(a)|(eps))*(({})(c|eps)*(b)|(a))|(({})(c|eps)*(b)|(eps)))*((({})(c|eps)*(a)|({}))(({})(c|eps)*(a)|(eps))*(({})(c|eps)*(c|eps)|({}))|(({})(c|eps)*(c|eps)|({})))|((({})(c|eps)*(a)|({}))(({})(c|eps)*(a)|(eps))*(({})(c|eps)*(c|eps)|({}))|(({})(c|eps)*(c|eps)|({}))))
R [2] [1] : (((({})(c|eps)*(a)|({}))(({})(c|eps)*(a)|(eps))*(({})(c|eps)*(b)|(a))|(({})(c|eps)*(b)|(eps)))((({})(c|eps)*(a)|({}))(({})(c|eps)*(a)|(eps))*(({})(c|eps)*(b)|(a))|(({})(c|eps)*(b)|(eps)))*((({})(c|eps)*(a)|({}))(({})(c|eps)*(a)|(eps))*(({})(c|eps)*({})|(b))|(({})(c|eps)*({})|(a)))|((({})(c|eps)*(a)|({}))(({})(c|eps)*(a)|(eps))*(({})(c|eps)*({})|(b))|(({})(c|eps)*({})|(a))))(((({})(c|eps)*(a)|(b))(({})(c|eps)*(a)|(eps))*(({})(c|eps)*(b)|(a))|(({})(c|eps)*(b)|({})))((({})(c|eps)*(a)|({}))(({})(c|eps)*(a)|(eps))*(({})(c|eps)*(b)|(a))|(({})(c|eps)*(b)|(eps)))*((({})(c|eps)*(a)|({}))(({})(c|eps)*(a)|(eps))*(({})(c|eps)*({})|(b))|(({})(c|eps)*({})|(a)))|((({})(c|eps)*(a)|(b))(({})(c|eps)*(a)|(eps))*(({})(c|eps)*({})|(b))|(({})(c|eps)*({})|(c|eps))))*(((({})(c|eps)*(a)|(b))(({})(c|eps)*(a)|(eps))*(({})(c|eps)*(b)|(a))|(({})(c|eps)*(b)|({})))((({})(c|eps)*(a)|({}))(({})(c|eps)*(a)|(eps))*(({})(c|eps)*(b)|(a))|(({})(c|eps)*(b)|(eps)))*((({})(c|eps)*(a)|({}))(({})(c|eps)*(a)|(eps))*(({})(c|eps)*(a)|(eps))|(({})(c|eps)*(a)|({})))|((({})(c|eps)*(a)|(b))(({})(c|eps)*(a)|(eps))*(({})(c|eps)*(a)|(eps))|(({})(c|eps)*(a)|(b))))|(((({})(c|eps)*(a)|({}))(({})(c|eps)*(a)|(eps))*(({})(c|eps)*(b)|(a))|(({})(c|eps)*(b)|(eps)))((({})(c|eps)*(a)|({}))(({})(c|eps)*(a)|(eps))*(({})(c|eps)*(b)|(a))|(({})(c|eps)*(b)|(eps)))*((({})(c|eps)*(a)|({}))(({})(c|eps)*(a)|(eps))*(({})(c|eps)*(a)|(eps))|(({})(c|eps)*(a)|({})))|((({})(c|eps)*(a)|({}))(({})(c|eps)*(a)|(eps))*(({})(c|eps)*(a)|(eps))|(({})(c|eps)*(a)|({}))))
R [2] [2] : (((({})(c|eps)*(a)|({}))(({})(c|eps)*(a)|(eps))*(({})(c|eps)*(b)|(a))|(({})(c|eps)*(b)|(eps)))((({})(c|eps)*(a)|({}))(({})(c|eps)*(a)|(eps))*(({})(c|eps)*(b)|(a))|(({})(c|eps)*(b)|(eps)))*((({})(c|eps)*(a)|({}))(({})(c|eps)*(a)|(eps))*(({})(c|eps)*({})|(b))|(({})(c|eps)*({})|(a)))|((({})(c|eps)*(a)|({}))(({})(c|eps)*(a)|(eps))*(({})(c|eps)*({})|(b))|(({})(c|eps)*({})|(a))))(((({})(c|eps)*(a)|(b))(({})(c|eps)*(a)|(eps))*(({})(c|eps)*(b)|(a))|(({})(c|eps)*(b)|({})))((({})(c|eps)*(a)|({}))(({})(c|eps)*(a)|(eps))*(({})(c|eps)*(b)|(a))|(({})(c|eps)*(b)|(eps)))*((({})(c|eps)*(a)|({}))(({})(c|eps)*(a)|(eps))*(({})(c|eps)*({})|(b))|(({})(c|eps)*({})|(a)))|((({})(c|eps)*(a)|(b))(({})(c|eps)*(a)|(eps))*(({})(c|eps)*({})|(b))|(({})(c|eps)*({})|(c|eps))))*(((({})(c|eps)*(a)|(b))(({})(c|eps)*(a)|(eps))*(({})(c|eps)*(b)|(a))|(({})(c|eps)*(b)|({})))((({})(c|eps)*(a)|({}))(({})(c|eps)*(a)|(eps))*(({})(c|eps)*(b)|(a))|(({})(c|eps)*(b)|(eps)))*((({})(c|eps)*(a)|({}))(({})(c|eps)*(a)|(eps))*(({})(c|eps)*(b)|(a))|(({})(c|eps)*(b)|(eps)))|((({})(c|eps)*(a)|(b))(({})(c|eps)*(a)|(eps))*(({})(c|eps)*(b)|(a))|(({})(c|eps)*(b)|({}))))|(((({})(c|eps)*(a)|({}))(({})(c|eps)*(a)|(eps))*(({})(c|eps)*(b)|(a))|(({})(c|eps)*(b)|(eps)))((({})(c|eps)*(a)|({}))(({})(c|eps)*(a)|(eps))*(({})(c|eps)*(b)|(a))|(({})(c|eps)*(b)|(eps)))*((({})(c|eps)*(a)|({}))(({})(c|eps)*(a)|(eps))*(({})(c|eps)*(b)|(a))|(({})(c|eps)*(b)|(eps)))|((({})(c|eps)*(a)|({}))(({})(c|eps)*(a)|(eps))*(({})(c|eps)*(b)|(a))|(({})(c|eps)*(b)|(eps))))
R [2] [3] : (((({})(c|eps)*(a)|({}))(({})(c|eps)*(a)|(eps))*(({})(c|eps)*(b)|(a))|(({})(c|eps)*(b)|(eps)))((({})(c|eps)*(a)|({}))(({})(c|eps)*(a)|(eps))*(({})(c|eps)*(b)|(a))|(({})(c|eps)*(b)|(eps)))*((({})(c|eps)*(a)|({}))(({})(c|eps)*(a)|(eps))*(({})(c|eps)*({})|(b))|(({})(c|eps)*({})|(a)))|((({})(c|eps)*(a)|({}))(({})(c|eps)*(a)|(eps))*(({})(c|eps)*({})|(b))|(({})(c|eps)*({})|(a))))(((({})(c|eps)*(a)|(b))(({})(c|eps)*(a)|(eps))*(({})(c|eps)*(b)|(a))|(({})(c|eps)*(b)|({})))((({})(c|eps)*(a)|({}))(({})(c|eps)*(a)|(eps))*(({})(c|eps)*(b)|(a))|(({})(c|eps)*(b)|(eps)))*((({})(c|eps)*(a)|({}))(({})(c|eps)*(a)|(eps))*(({})(c|eps)*({})|(b))|(({})(c|eps)*({})|(a)))|((({})(c|eps)*(a)|(b))(({})(c|eps)*(a)|(eps))*(({})(c|eps)*({})|(b))|(({})(c|eps)*({})|(c|eps))))*(((({})(c|eps)*(a)|(b))(({})(c|eps)*(a)|(eps))*(({})(c|eps)*(b)|(a))|(({})(c|eps)*(b)|({})))((({})(c|eps)*(a)|({}))(({})(c|eps)*(a)|(eps))*(({})(c|eps)*(b)|(a))|(({})(c|eps)*(b)|(eps)))*((({})(c|eps)*(a)|({}))(({})(c|eps)*(a)|(eps))*(({})(c|eps)*({})|(b))|(({})(c|eps)*({})|(a)))|((({})(c|eps)*(a)|(b))(({})(c|eps)*(a)|(eps))*(({})(c|eps)*({})|(b))|(({})(c|eps)*({})|(c|eps))))|(((({})(c|eps)*(a)|({}))(({})(c|eps)*(a)|(eps))*(({})(c|eps)*(b)|(a))|(({})(c|eps)*(b)|(eps)))((({})(c|eps)*(a)|({}))(({})(c|eps)*(a)|(eps))*(({})(c|eps)*(b)|(a))|(({})(c|eps)*(b)|(eps)))*((({})(c|eps)*(a)|({}))(({})(c|eps)*(a)|(eps))*(({})(c|eps)*({})|(b))|(({})(c|eps)*({})|(a)))|((({})(c|eps)*(a)|({}))(({})(c|eps)*(a)|(eps))*(({})(c|eps)*({})|(b))|(({})(c|eps)*({})|(a))))
R [3] [0] : (((({})(c|eps)*(a)|(b))(({})(c|eps)*(a)|(eps))*(({})(c|eps)*(b)|(a))|(({})(c|eps)*(b)|({})))((({})(c|eps)*(a)|({}))(({})(c|eps)*(a)|(eps))*(({})(c|eps)*(b)|(a))|(({})(c|eps)*(b)|(eps)))*((({})(c|eps)*(a)|({}))(({})(c|eps)*(a)|(eps))*(({})(c|eps)*({})|(b))|(({})(c|eps)*({})|(a)))|((({})(c|eps)*(a)|(b))(({})(c|eps)*(a)|(eps))*(({})(c|eps)*({})|(b))|(({})(c|eps)*({})|(c|eps))))(((({})(c|eps)*(a)|(b))(({})(c|eps)*(a)|(eps))*(({})(c|eps)*(b)|(a))|(({})(c|eps)*(b)|({})))((({})(c|eps)*(a)|({}))(({})(c|eps)*(a)|(eps))*(({})(c|eps)*(b)|(a))|(({})(c|eps)*(b)|(eps)))*((({})(c|eps)*(a)|({}))(({})(c|eps)*(a)|(eps))*(({})(c|eps)*({})|(b))|(({})(c|eps)*({})|(a)))|((({})(c|eps)*(a)|(b))(({})(c|eps)*(a)|(eps))*(({})(c|eps)*({})|(b))|(({})(c|eps)*({})|(c|eps))))*(((({})(c|eps)*(a)|(b))(({})(c|eps)*(a)|(eps))*(({})(c|eps)*(b)|(a))|(({})(c|eps)*(b)|({})))((({})(c|eps)*(a)|({}))(({})(c|eps)*(a)|(eps))*(({})(c|eps)*(b)|(a))|(({})(c|eps)*(b)|(eps)))*((({})(c|eps)*(a)|({}))(({})(c|eps)*(a)|(eps))*(({})(c|eps)*(c|eps)|({}))|(({})(c|eps)*(c|eps)|({})))|((({})(c|eps)*(a)|(b))(({})(c|eps)*(a)|(eps))*(({})(c|eps)*(c|eps)|({}))|(({})(c|eps)*(c|eps)|({}))))|(((({})(c|eps)*(a)|(b))(({})(c|eps)*(a)|(eps))*(({})(c|eps)*(b)|(a))|(({})(c|eps)*(b)|({})))((({})(c|eps)*(a)|({}))(({})(c|eps)*(a)|(eps))*(({})(c|eps)*(b)|(a))|(({})(c|eps)*(b)|(eps)))*((({})(c|eps)*(a)|({}))(({})(c|eps)*(a)|(eps))*(({})(c|eps)*(c|eps)|({}))|(({})(c|eps)*(c|eps)|({})))|((({})(c|eps)*(a)|(b))(({})(c|eps)*(a)|(eps))*(({})(c|eps)*(c|eps)|({}))|(({})(c|eps)*(c|eps)|({}))))
R [3] [1] : (((({})(c|eps)*(a)|(b))(({})(c|eps)*(a)|(eps))*(({})(c|eps)*(b)|(a))|(({})(c|eps)*(b)|({})))((({})(c|eps)*(a)|({}))(({})(c|eps)*(a)|(eps))*(({})(c|eps)*(b)|(a))|(({})(c|eps)*(b)|(eps)))*((({})(c|eps)*(a)|({}))(({})(c|eps)*(a)|(eps))*(({})(c|eps)*({})|(b))|(({})(c|eps)*({})|(a)))|((({})(c|eps)*(a)|(b))(({})(c|eps)*(a)|(eps))*(({})(c|eps)*({})|(b))|(({})(c|eps)*({})|(c|eps))))(((({})(c|eps)*(a)|(b))(({})(c|eps)*(a)|(eps))*(({})(c|eps)*(b)|(a))|(({})(c|eps)*(b)|({})))((({})(c|eps)*(a)|({}))(({})(c|eps)*(a)|(eps))*(({})(c|eps)*(b)|(a))|(({})(c|eps)*(b)|(eps)))*((({})(c|eps)*(a)|({}))(({})(c|eps)*(a)|(eps))*(({})(c|eps)*({})|(b))|(({})(c|eps)*({})|(a)))|((({})(c|eps)*(a)|(b))(({})(c|eps)*(a)|(eps))*(({})(c|eps)*({})|(b))|(({})(c|eps)*({})|(c|eps))))*(((({})(c|eps)*(a)|(b))(({})(c|eps)*(a)|(eps))*(({})(c|eps)*(b)|(a))|(({})(c|eps)*(b)|({})))((({})(c|eps)*(a)|({}))(({})(c|eps)*(a)|(eps))*(({})(c|eps)*(b)|(a))|(({})(c|eps)*(b)|(eps)))*((({})(c|eps)*(a)|({}))(({})(c|eps)*(a)|(eps))*(({})(c|eps)*(a)|(eps))|(({})(c|eps)*(a)|({})))|((({})(c|eps)*(a)|(b))(({})(c|eps)*(a)|(eps))*(({})(c|eps)*(a)|(eps))|(({})(c|eps)*(a)|(b))))|(((({})(c|eps)*(a)|(b))(({})(c|eps)*(a)|(eps))*(({})(c|eps)*(b)|(a))|(({})(c|eps)*(b)|({})))((({})(c|eps)*(a)|({}))(({})(c|eps)*(a)|(eps))*(({})(c|eps)*(b)|(a))|(({})(c|eps)*(b)|(eps)))*((({})(c|eps)*(a)|({}))(({})(c|eps)*(a)|(eps))*(({})(c|eps)*(a)|(eps))|(({})(c|eps)*(a)|({})))|((({})(c|eps)*(a)|(b))(({})(c|eps)*(a)|(eps))*(({})(c|eps)*(a)|(eps))|(({})(c|eps)*(a)|(b))))
R [3] [2] : (((({})(c|eps)*(a)|(b))(({})(c|eps)*(a)|(eps))*(({})(c|eps)*(b)|(a))|(({})(c|eps)*(b)|({})))((({})(c|eps)*(a)|({}))(({})(c|eps)*(a)|(eps))*(({})(c|eps)*(b)|(a))|(({})(c|eps)*(b)|(eps)))*((({})(c|eps)*(a)|({}))(({})(c|eps)*(a)|(eps))*(({})(c|eps)*({})|(b))|(({})(c|eps)*({})|(a)))|((({})(c|eps)*(a)|(b))(({})(c|eps)*(a)|(eps))*(({})(c|eps)*({})|(b))|(({})(c|eps)*({})|(c|eps))))(((({})(c|eps)*(a)|(b))(({})(c|eps)*(a)|(eps))*(({})(c|eps)*(b)|(a))|(({})(c|eps)*(b)|({})))((({})(c|eps)*(a)|({}))(({})(c|eps)*(a)|(eps))*(({})(c|eps)*(b)|(a))|(({})(c|eps)*(b)|(eps)))*((({})(c|eps)*(a)|({}))(({})(c|eps)*(a)|(eps))*(({})(c|eps)*({})|(b))|(({})(c|eps)*({})|(a)))|((({})(c|eps)*(a)|(b))(({})(c|eps)*(a)|(eps))*(({})(c|eps)*({})|(b))|(({})(c|eps)*({})|(c|eps))))*(((({})(c|eps)*(a)|(b))(({})(c|eps)*(a)|(eps))*(({})(c|eps)*(b)|(a))|(({})(c|eps)*(b)|({})))((({})(c|eps)*(a)|({}))(({})(c|eps)*(a)|(eps))*(({})(c|eps)*(b)|(a))|(({})(c|eps)*(b)|(eps)))*((({})(c|eps)*(a)|({}))(({})(c|eps)*(a)|(eps))*(({})(c|eps)*(b)|(a))|(({})(c|eps)*(b)|(eps)))|((({})(c|eps)*(a)|(b))(({})(c|eps)*(a)|(eps))*(({})(c|eps)*(b)|(a))|(({})(c|eps)*(b)|({}))))|(((({})(c|eps)*(a)|(b))(({})(c|eps)*(a)|(eps))*(({})(c|eps)*(b)|(a))|(({})(c|eps)*(b)|({})))((({})(c|eps)*(a)|({}))(({})(c|eps)*(a)|(eps))*(({})(c|eps)*(b)|(a))|(({})(c|eps)*(b)|(eps)))*((({})(c|eps)*(a)|({}))(({})(c|eps)*(a)|(eps))*(({})(c|eps)*(b)|(a))|(({})(c|eps)*(b)|(eps)))|((({})(c|eps)*(a)|(b))(({})(c|eps)*(a)|(eps))*(({})(c|eps)*(b)|(a))|(({})(c|eps)*(b)|({}))))
R [3] [3] : (((({})(c|eps)*(a)|(b))(({})(c|eps)*(a)|(eps))*(({})(c|eps)*(b)|(a))|(({})(c|eps)*(b)|({})))((({})(c|eps)*(a)|({}))(({})(c|eps)*(a)|(eps))*(({})(c|eps)*(b)|(a))|(({})(c|eps)*(b)|(eps)))*((({})(c|eps)*(a)|({}))(({})(c|eps)*(a)|(eps))*(({})(c|eps)*({})|(b))|(({})(c|eps)*({})|(a)))|((({})(c|eps)*(a)|(b))(({})(c|eps)*(a)|(eps))*(({})(c|eps)*({})|(b))|(({})(c|eps)*({})|(c|eps))))(((({})(c|eps)*(a)|(b))(({})(c|eps)*(a)|(eps))*(({})(c|eps)*(b)|(a))|(({})(c|eps)*(b)|({})))((({})(c|eps)*(a)|({}))(({})(c|eps)*(a)|(eps))*(({})(c|eps)*(b)|(a))|(({})(c|eps)*(b)|(eps)))*((({})(c|eps)*(a)|({}))(({})(c|eps)*(a)|(eps))*(({})(c|eps)*({})|(b))|(({})(c|eps)*({})|(a)))|((({})(c|eps)*(a)|(b))(({})(c|eps)*(a)|(eps))*(({})(c|eps)*({})|(b))|(({})(c|eps)*({})|(c|eps))))*(((({})(c|eps)*(a)|(b))(({})(c|eps)*(a)|(eps))*(({})(c|eps)*(b)|(a))|(({})(c|eps)*(b)|({})))((({})(c|eps)*(a)|({}))(({})(c|eps)*(a)|(eps))*(({})(c|eps)*(b)|(a))|(({})(c|eps)*(b)|(eps)))*((({})(c|eps)*(a)|({}))(({})(c|eps)*(a)|(eps))*(({})(c|eps)*({})|(b))|(({})(c|eps)*({})|(a)))|((({})(c|eps)*(a)|(b))(({})(c|eps)*(a)|(eps))*(({})(c|eps)*({})|(b))|(({})(c|eps)*({})|(c|eps))))|(((({})(c|eps)*(a)|(b))(({})(c|eps)*(a)|(eps))*(({})(c|eps)*(b)|(a))|(({})(c|eps)*(b)|({})))((({})(c|eps)*(a)|({}))(({})(c|eps)*(a)|(eps))*(({})(c|eps)*(b)|(a))|(({})(c|eps)*(b)|(eps)))*((({})(c|eps)*(a)|({}))(({})(c|eps)*(a)|(eps))*(({})(c|eps)*({})|(b))|(({})(c|eps)*({})|(a)))|((({})(c|eps)*(a)|(b))(({})(c|eps)*(a)|(eps))*(({})(c|eps)*({})|(b))|(({})(c|eps)*({})|(c|eps))))
FINAL ANSWER: ((((c|eps)(c|eps)*(a)|(a))(({})(c|eps)*(a)|(eps))*(({})(c|eps)*(b)|(a))|((c|eps)(c|eps)*(b)|(b)))((({})(c|eps)*(a)|({}))(({})(c|eps)*(a)|(eps))*(({})(c|eps)*(b)|(a))|(({})(c|eps)*(b)|(eps)))*((({})(c|eps)*(a)|({}))(({})(c|eps)*(a)|(eps))*(({})(c|eps)*({})|(b))|(({})(c|eps)*({})|(a)))|(((c|eps)(c|eps)*(a)|(a))(({})(c|eps)*(a)|(eps))*(({})(c|eps)*({})|(b))|((c|eps)(c|eps)*({})|({}))))(((({})(c|eps)*(a)|(b))(({})(c|eps)*(a)|(eps))*(({})(c|eps)*(b)|(a))|(({})(c|eps)*(b)|({})))((({})(c|eps)*(a)|({}))(({})(c|eps)*(a)|(eps))*(({})(c|eps)*(b)|(a))|(({})(c|eps)*(b)|(eps)))*((({})(c|eps)*(a)|({}))(({})(c|eps)*(a)|(eps))*(({})(c|eps)*({})|(b))|(({})(c|eps)*({})|(a)))|((({})(c|eps)*(a)|(b))(({})(c|eps)*(a)|(eps))*(({})(c|eps)*({})|(b))|(({})(c|eps)*({})|(c|eps))))*(((({})(c|eps)*(a)|(b))(({})(c|eps)*(a)|(eps))*(({})(c|eps)*(b)|(a))|(({})(c|eps)*(b)|({})))((({})(c|eps)*(a)|({}))(({})(c|eps)*(a)|(eps))*(({})(c|eps)*(b)|(a))|(({})(c|eps)*(b)|(eps)))*((({})(c|eps)*(a)|({}))(({})(c|eps)*(a)|(eps))*(({})(c|eps)*({})|(b))|(({})(c|eps)*({})|(a)))|((({})(c|eps)*(a)|(b))(({})(c|eps)*(a)|(eps))*(({})(c|eps)*({})|(b))|(({})(c|eps)*({})|(c|eps))))|((((c|eps)(c|eps)*(a)|(a))(({})(c|eps)*(a)|(eps))*(({})(c|eps)*(b)|(a))|((c|eps)(c|eps)*(b)|(b)))((({})(c|eps)*(a)|({}))(({})(c|eps)*(a)|(eps))*(({})(c|eps)*(b)|(a))|(({})(c|eps)*(b)|(eps)))*((({})(c|eps)*(a)|({}))(({})(c|eps)*(a)|(eps))*(({})(c|eps)*({})|(b))|(({})(c|eps)*({})|(a)))|(((c|eps)(c|eps)*(a)|(a))(({})(c|eps)*(a)|(eps))*(({})(c|eps)*({})|(b))|((c|eps)(c|eps)*({})|({}))))
