Error:
E1: A state 'djnd' is not in the set of states